DATABASE_URL: file:./dev.db
node : C:\Users\62813\Downloads\pabrikar
tikel\node_modules\@prisma\client\runtim
e\client.js:66
At line:1 char:1
+ node test-prisma.js 2>&1 > 
test-output.txt
+ ~~~~~~~~~~~~~~~~~~~~~~~~~~~~~~~~~~~~~~
~~~~
    + CategoryInfo          : NotSpecif 
   ied: (C:\Users\62813\...me\client.j  
  s:66:String) [], RemoteException
    + FullyQualifiedErrorId : NativeCom 
   mandError
 
Read more at https://pris.ly/d/client-co
nstructor`),this.name="PrismaClientConst
ructorValidationError"}get[Symbol.toStri
ngTag](){return"PrismaClientConstructorV
alidationError"}};gt(R,"PrismaClientCons
tructorValidationError");var _l=["errorF
ormat","adapter","accelerateUrl","log","
transactionOptions","omit","comments","_
_internal"],$l=["pretty","colorless","mi
nimal"],Ll=["info","query","warn","error
"],Cm={adapter:()=>{},accelerateUrl:e=>{
if(e!==void 0){if(typeof 
e!="string")throw new R(`Invalid value 
${JSON.stringify(e)} for 
"accelerateUrl" provided to 
PrismaClient constructor.`);if(e.trim().
length===0)throw new R('"accelerateUrl" 
provided to PrismaClient constructor 
must be a non-empty string.')}},errorFor
mat:e=>{if(e){if(typeof 
e!="string")throw new R(`Invalid value 
${JSON.stringify(e)} for "errorFormat" 
provided to PrismaClient 
constructor.`);if(!$l.includes(e)){let 
t=Ut(e,$l);throw new R(`Invalid 
errorFormat ${e} provided to 
PrismaClient constructor.${t}`)}}},log:e
=>{if(!e)return;if(!Array.isArray(e))thr
ow new R(`Invalid value 
${JSON.stringify(e)} for "log" provided 
to PrismaClient constructor.`);function 
t(r){if(typeof 
r=="string"&&!Ll.includes(r)){let 
n=Ut(r,Ll);throw new R(`Invalid log 
level "${r}" provided to PrismaClient 
constructor.${n}`)}}for(let r of 
e){t(r);let n={level:t,emit:i=>{let o=["
stdout","event"];if(!o.includes(i)){let 
s=Ut(i,o);throw new R(`Invalid value 
${JSON.stringify(i)} for "emit" in 
logLevel provided to PrismaClient 
constructor.${s}`)}}};if(r&&typeof 
r=="object")for(let[i,o]of 
Object.entries(r))if(n[i])n[i](o);else 
throw new R(`Invalid property ${i} for 
"log" provided to PrismaClient construct
or`)}},transactionOptions:e=>{if(!e)retu
rn;let 
t=e.maxWait;if(t!=null&&t<=0)throw new 
R(`Invalid value ${t} for maxWait in 
"transactionOptions" provided to 
PrismaClient constructor. maxWait needs 
to be greater than 0`);let 
r=e.timeout;if(r!=null&&r<=0)throw new 
R(`Invalid value ${r} for timeout in 
"transactionOptions" provided to 
PrismaClient constructor. timeout needs 
to be greater than 
0`)},omit:(e,t)=>{if(typeof 
e!="object")throw new R('"omit" option 
is expected to be an 
object.');if(e===null)throw new 
R('"omit" option can not be 
`null`');let r=[];for(let[n,i]of 
Object.entries(e)){let o=Im(n,t.runtimeD
ataModel);if(!o){r.push({kind:"UnknownMo
del",modelKey:n});continue}for(let[s,a]o
f Object.entries(i)){let l=o.fields.find
(u=>u.name===s);if(!l){r.push({kind:"Unk
nownField",modelKey:n,fieldName:s});cont
inue}if(l.relationName){r.push({kind:"Re
lationInOmit",modelKey:n,fieldName:s});c
ontinue}typeof a!="boolean"&&r.push({kin
d:"InvalidFieldValue",modelKey:n,fieldNa
me:s})}}if(r.length>0)throw new 
R(Om(e,r))},comments:e=>{if(e!==void 
0){if(!Array.isArray(e))throw new 
R(`Invalid value ${JSON.stringify(e)} 
for "comments" provided to PrismaClient 
constructor. Expected an array of SQL 
commenter plugins.`);for(let 
t=0;t<e.length;t++)if(typeof 
e[t]!="function")throw new R(`Invalid 
value at index ${t} for "comments" 
provided to PrismaClient constructor. 
Each plugin must be a function.`)}},__in
ternal:e=>{if(!e)return;let t=["debug","
engine","configOverride"];if(typeof 
e!="object")throw new R(`Invalid value 
${JSON.stringify(e)} for "__internal" 
to PrismaClient 
constructor`);for(let[r]of Object.entrie
s(e))if(!t.includes(r)){let 
n=Ut(r,t);throw new R(`Invalid property 
${JSON.stringify(r)} for "__internal" 
provided to PrismaClient 
constructor.${n}`)}}};function 
Rm(e){let t=e.adapter!==void 
0,r=e.accelerateUrl!==void 
0;if(t&&r)throw new R('The "adapter" 
and "accelerateUrl" options are 
mutually exclusive. Please provide only 
one of them.');if(!t&&!r)throw new 
R('Using engine type "client" requires 
either "adapter" or "accelerateUrl" to 
be provided to PrismaClient 
constructor.')}function 
jl(e,t){for(let[r,n]of Object.entries(e)
){if(!_l.includes(r)){let 
i=Ut(r,_l);throw new R(`Unknown 
property ${r} provided to PrismaClient c
onstructor.${i}`)}Cm[r](n,t)}Rm(e)}funct
ion Ut(e,t){if(t.length===0||typeof 
e!="string")return"";let 
r=km(e,t);return r?` Did you mean 
"${r}"?`:""}function 
km(e,t){if(t.length===0)return null;let 
r=t.map(i=>({value:i,distance:(0,ql.defa
ult)(e,i)}));r.sort((i,o)=>i.distance<o.
distance?-1:1);let n=r[0];return 
n.distance<3?n.value:null}function 
Im(e,t){return 
Vl(t.models,e)??Vl(t.types,e)}function 
Vl(e,t){let r=Object.keys(e).find(n=>pe(
n)===t);if(r)return e[r]}function 
Om(e,t){let r=Be(e);for(let o of t)switc
h(o.kind){case"UnknownModel":r.arguments
.getField(o.modelKey)?.markAsError(),r.a
ddErrorMessage(()=>`Unknown model name: 
${o.modelKey}.`);break;case"UnknownField
":r.arguments.getDeepField([o.modelKey,o
.fieldName])?.markAsError(),r.addErrorMe
ssage(()=>`Model "${o.modelKey}" does 
not have a field named "${o.fieldName}".
`);break;case"RelationInOmit":r.argument
s.getDeepField([o.modelKey,o.fieldName])
?.markAsError(),r.addErrorMessage(()=>'R
elations are already excluded by 
default and can not be specified in "omi
t".');break;case"InvalidFieldValue":r.ar
guments.getDeepFieldValue([o.modelKey,o.
fieldName])?.markAsError(),r.addErrorMes
sage(()=>"Omit field option value must 
be a boolean.");break}let{message:n,args
:i}=sr(r,"colorless");return`Error 
validating "omit" option:
                                        
                                        
                                        
                                        
                                        
                                        
                                        
                                        
                                        
                                        
                                        
                                        
                                        
                                        
                                        
                                        
                                        
                                        
                                        
                                        
                                        
                                        
                                        
                                        
                                        
                    

PrismaClientConstructorValidationError: 
Unknown property datasourceUrl provided 
to PrismaClient constructor.
Read more at 
https://pris.ly/d/client-constructor
    at jl (C:\Users\62813\Downloads\pabr
ikartikel\node_modules\@prisma\client\ru
ntime\client.js:66:3832)
    at new t (C:\Users\62813\Downloads\p
abrikartikel\node_modules\@prisma\client
\runtime\client.js:70:1808)
    at main (C:\Users\62813\Downloads\pa
brikartikel\test-prisma.js:7:13)
    at Object.<anonymous> (C:\Users\6281
3\Downloads\pabrikartikel\test-prisma.js
:21:1)
    at Module._compile (node:internal/mo
dules/cjs/loader:1562:14)
    at Object..js (node:internal/modules
/cjs/loader:1699:10)
    at Module.load (node:internal/module
s/cjs/loader:1313:32)
    at Function._load (node:internal/mod
ules/cjs/loader:1123:12)
    at TracingChannel.traceSync 
(node:diagnostics_channel:322:14)
    at wrapModuleLoad (node:internal/mod
ules/cjs/loader:217:24)

Node.js v22.13.0
